// Vitest Snapshot v1, https://vitest.dev/guide/snapshot.html

exports[`Snapshot Register page 1`] = `
{
  "asFragment": [Function],
  "baseElement": <body>
    <div>
      <main>
        <h1
          class="visually-hidden"
        >
          WeShare Register Page
        </h1>
        <section
          class="wrapper center"
        >
          <div
            class="box"
          >
            <img
              alt="Picked avatar"
              class="_avatar_87abcd"
              src="/src/assets/default.png"
            />
            <label
              class="_custom-select-file-label_87abcd"
            >
              <input
                accept="image/*"
                type="file"
              />
              Select photo
            </label>
            <form>
              <div
                class="_input-container_859b20"
              >
                <input
                  aria-label="email"
                  class="_input-field_859b20"
                  id="email"
                  name="email"
                  placeholder="Email"
                  type="text"
                />
              </div>
              <div
                class="_input-container_859b20"
              >
                <input
                  aria-label="name"
                  class="_input-field_859b20"
                  id="name"
                  name="name"
                  placeholder="Name"
                  type="text"
                />
              </div>
              <div
                class="_input-container_859b20"
              >
                <input
                  aria-label="password"
                  class="_input-field_859b20"
                  id="password"
                  name="password"
                  placeholder="Password"
                  type="password"
                />
              </div>
              <div
                class="_input-container_859b20"
              >
                <input
                  aria-label="repeatPassword"
                  class="_input-field_859b20"
                  id="repeatPassword"
                  name="repeatPassword"
                  placeholder="Repeat password"
                  type="password"
                />
              </div>
              <button
                class="button-primary"
                type="submit"
                value="Register"
              >
                Register
              </button>
            </form>
          </div>
        </section>
      </main>
    </div>
  </body>,
  "container": <div>
    <main>
      <h1
        class="visually-hidden"
      >
        WeShare Register Page
      </h1>
      <section
        class="wrapper center"
      >
        <div
          class="box"
        >
          <img
            alt="Picked avatar"
            class="_avatar_87abcd"
            src="/src/assets/default.png"
          />
          <label
            class="_custom-select-file-label_87abcd"
          >
            <input
              accept="image/*"
              type="file"
            />
            Select photo
          </label>
          <form>
            <div
              class="_input-container_859b20"
            >
              <input
                aria-label="email"
                class="_input-field_859b20"
                id="email"
                name="email"
                placeholder="Email"
                type="text"
              />
            </div>
            <div
              class="_input-container_859b20"
            >
              <input
                aria-label="name"
                class="_input-field_859b20"
                id="name"
                name="name"
                placeholder="Name"
                type="text"
              />
            </div>
            <div
              class="_input-container_859b20"
            >
              <input
                aria-label="password"
                class="_input-field_859b20"
                id="password"
                name="password"
                placeholder="Password"
                type="password"
              />
            </div>
            <div
              class="_input-container_859b20"
            >
              <input
                aria-label="repeatPassword"
                class="_input-field_859b20"
                id="repeatPassword"
                name="repeatPassword"
                placeholder="Repeat password"
                type="password"
              />
            </div>
            <button
              class="button-primary"
              type="submit"
              value="Register"
            >
              Register
            </button>
          </form>
        </div>
      </section>
    </main>
  </div>,
  "debug": [Function],
  "findAllByAltText": [Function],
  "findAllByDisplayValue": [Function],
  "findAllByLabelText": [Function],
  "findAllByPlaceholderText": [Function],
  "findAllByRole": [Function],
  "findAllByTestId": [Function],
  "findAllByText": [Function],
  "findAllByTitle": [Function],
  "findByAltText": [Function],
  "findByDisplayValue": [Function],
  "findByLabelText": [Function],
  "findByPlaceholderText": [Function],
  "findByRole": [Function],
  "findByTestId": [Function],
  "findByText": [Function],
  "findByTitle": [Function],
  "getAllByAltText": [Function],
  "getAllByDisplayValue": [Function],
  "getAllByLabelText": [Function],
  "getAllByPlaceholderText": [Function],
  "getAllByRole": [Function],
  "getAllByTestId": [Function],
  "getAllByText": [Function],
  "getAllByTitle": [Function],
  "getByAltText": [Function],
  "getByDisplayValue": [Function],
  "getByLabelText": [Function],
  "getByPlaceholderText": [Function],
  "getByRole": [Function],
  "getByTestId": [Function],
  "getByText": [Function],
  "getByTitle": [Function],
  "queryAllByAltText": [Function],
  "queryAllByDisplayValue": [Function],
  "queryAllByLabelText": [Function],
  "queryAllByPlaceholderText": [Function],
  "queryAllByRole": [Function],
  "queryAllByTestId": [Function],
  "queryAllByText": [Function],
  "queryAllByTitle": [Function],
  "queryByAltText": [Function],
  "queryByDisplayValue": [Function],
  "queryByLabelText": [Function],
  "queryByPlaceholderText": [Function],
  "queryByRole": [Function],
  "queryByTestId": [Function],
  "queryByText": [Function],
  "queryByTitle": [Function],
  "rerender": [Function],
  "store": {
    "@@observable": [Function],
    "dispatch": [Function],
    "getState": [Function],
    "replaceReducer": [Function],
    "subscribe": [Function],
  },
  "unmount": [Function],
}
`;
